⏳ Перевірка нових треків на Last.fm...
🔎 Шукаємо треки, прослухані після Unix TS: 1785240694
✅ Успішно збережено 4 НОВИХ треків у bronze_music!
⏳ Перевірка нових треків на Last.fm...
🔎 Шукаємо треки, прослухані після Unix TS: 1785262232
✅ Успішно збережено 5 НОВИХ треків у bronze_music!
⏳ Перевірка нових треків на Last.fm...
🔎 Шукаємо треки, прослухані після Unix TS: 1785263113
✅ Успішно збережено 1 НОВИХ треків у bronze_music!
⏳ Перевірка нових треків на Last.fm...
🔎 Шукаємо треки, прослухані після Unix TS: 1785263311
✅ Успішно збережено 3 НОВИХ треків у bronze_music!
⏳ Перевірка нових треків на Last.fm...
🔎 Шукаємо треки, прослухані після Unix TS: 1785264976
❌ Помилка запиту до Last.fm API: 500 Server Error: Internal Server Error for url: http://ws.audioscrobbler.com/2.0/?method=user.getrecenttracks&user=OstapTut&api_key=9a2aa1148e3c0db865d26a6b4ff15fbe&format=json&limit=200&from=1785264977
ℹ️ Нових треків з моменту останньої синхронізації не знайдено.
⏳ Перевірка нових треків на Last.fm...
🔎 Шукаємо треки, прослухані після Unix TS: 1785264976
ℹ️ Нових треків з моменту останньої синхронізації не знайдено.
⏳ Перевірка нових треків на Last.fm...
🔎 Шукаємо треки, прослухані після Unix TS: 1785264976
ℹ️ Нових треків з моменту останньої синхронізації не знайдено.
⏳ Перевірка нових треків на Last.fm...
🔎 Шукаємо треки, прослухані після Unix TS: 1785264976
ℹ️ Нових треків з моменту останньої синхронізації не знайдено.
⏳ Перевірка нових треків на Last.fm...
🔎 Шукаємо треки, прослухані після Unix TS: 1785264976
ℹ️ Нових треків з моменту останньої синхронізації не знайдено.
⏳ Перевірка нових треків на Last.fm...
🔎 Шукаємо треки, прослухані після Unix TS: 1785264976
ℹ️ Нових треків з моменту останньої синхронізації не знайдено.
⏳ Перевірка нових треків на Last.fm...
🔎 Шукаємо треки, прослухані після Unix TS: 1785264976
ℹ️ Нових треків з моменту останньої синхронізації не знайдено.
⏳ Перевірка нових треків на Last.fm...
🔎 Шукаємо треки, прослухані після Unix TS: 1785264976
ℹ️ Нових треків з моменту останньої синхронізації не знайдено.
⏳ Перевірка нових треків на Last.fm...
🔎 Шукаємо треки, прослухані після Unix TS: 1785264976
ℹ️ Нових треків з моменту останньої синхронізації не знайдено.
⏳ Перевірка нових треків на Last.fm...
🔎 Шукаємо треки, прослухані після Unix TS: 1785264976
ℹ️ Нових треків з моменту останньої синхронізації не знайдено.
⏳ Перевірка нових треків на Last.fm...
🔎 Шукаємо треки, прослухані після Unix TS: 1785264976
ℹ️ Нових треків з моменту останньої синхронізації не знайдено.
⏳ Перевірка нових треків на Last.fm...
🔎 Шукаємо треки, прослухані після Unix TS: 1785264976
ℹ️ Нових треків з моменту останньої синхронізації не знайдено.
⏳ Перевірка нових треків на Last.fm...
🔎 Шукаємо треки, прослухані після Unix TS: 1785264976
ℹ️ Нових треків з моменту останньої синхронізації не знайдено.
⏳ Перевірка нових треків на Last.fm...
🔎 Шукаємо треки, прослухані після Unix TS: 1785264976
ℹ️ Нових треків з моменту останньої синхронізації не знайдено.
⏳ Перевірка нових треків на Last.fm...
🔎 Шукаємо треки, прослухані після Unix TS: 1785264976
ℹ️ Нових треків з моменту останньої синхронізації не знайдено.
⏳ Перевірка нових треків на Last.fm...
🔎 Шукаємо треки, прослухані після Unix TS: 1785264976
ℹ️ Нових треків з моменту останньої синхронізації не знайдено.
⏳ Перевірка нових треків на Last.fm...
🔎 Шукаємо треки, прослухані після Unix TS: 1785264976
ℹ️ Нових треків з моменту останньої синхронізації не знайдено.
⏳ Перевірка нових треків на Last.fm...
🔎 Шукаємо треки, прослухані після Unix TS: 1785264976
ℹ️ Нових треків з моменту останньої синхронізації не знайдено.
⏳ Перевірка нових треків на Last.fm...
🔎 Шукаємо треки, прослухані після Unix TS: 1785264976
ℹ️ Нових треків з моменту останньої синхронізації не знайдено.
⏳ Перевірка нових треків на Last.fm...
🔎 Шукаємо треки, прослухані після Unix TS: 1785264976
ℹ️ Нових треків з моменту останньої синхронізації не знайдено.
⏳ Перевірка нових треків на Last.fm...
🔎 Шукаємо треки, прослухані після Unix TS: 1785264976
ℹ️ Нових треків з моменту останньої синхронізації не знайдено.
⏳ Перевірка нових треків на Last.fm...
🔎 Шукаємо треки, прослухані після Unix TS: 1785264976
ℹ️ Нових треків з моменту останньої синхронізації не знайдено.
⏳ Перевірка нових треків на Last.fm...
🔎 Шукаємо треки, прослухані після Unix TS: 1785264976
ℹ️ Нових треків з моменту останньої синхронізації не знайдено.
⏳ Перевірка нових треків на Last.fm...
🔎 Шукаємо треки, прослухані після Unix TS: 1785264976
ℹ️ Нових треків з моменту останньої синхронізації не знайдено.
⏳ Перевірка нових треків на Last.fm...
🔎 Шукаємо треки, прослухані після Unix TS: 1785264976
ℹ️ Нових треків з моменту останньої синхронізації не знайдено.
⏳ Перевірка нових треків на Last.fm...
🔎 Шукаємо треки, прослухані після Unix TS: 1785264976
ℹ️ Нових треків з моменту останньої синхронізації не знайдено.
⏳ Перевірка нових треків на Last.fm...
🔎 Шукаємо треки, прослухані після Unix TS: 1785264976
ℹ️ Нових треків з моменту останньої синхронізації не знайдено.
⏳ Перевірка нових треків на Last.fm...
🔎 Шукаємо треки, прослухані після Unix TS: 1785264976
ℹ️ Нових треків з моменту останньої синхронізації не знайдено.
⏳ Перевірка нових треків на Last.fm...
🔎 Шукаємо треки, прослухані після Unix TS: 1785264976
ℹ️ Нових треків з моменту останньої синхронізації не знайдено.
⏳ Перевірка нових треків на Last.fm...
🔎 Шукаємо треки, прослухані після Unix TS: 1785264976
ℹ️ Нових треків з моменту останньої синхронізації не знайдено.
⏳ Перевірка нових треків на Last.fm...
🔎 Шукаємо треки, прослухані після Unix TS: 1785264976
ℹ️ Нових треків з моменту останньої синхронізації не знайдено.
⏳ Перевірка нових треків на Last.fm...
🔎 Шукаємо треки, прослухані після Unix TS: 1785264976
ℹ️ Нових треків з моменту останньої синхронізації не знайдено.
⏳ Перевірка нових треків на Last.fm...
🔎 Шукаємо треки, прослухані після Unix TS: 1785264976
ℹ️ Нових треків з моменту останньої синхронізації не знайдено.
⏳ Перевірка нових треків на Last.fm...
🔎 Шукаємо треки, прослухані після Unix TS: 1785264976
ℹ️ Нових треків з моменту останньої синхронізації не знайдено.
⏳ Перевірка нових треків на Last.fm...
🔎 Шукаємо треки, прослухані після Unix TS: 1785264976
ℹ️ Нових треків з моменту останньої синхронізації не знайдено.
⏳ Перевірка нових треків на Last.fm...
🔎 Шукаємо треки, прослухані після Unix TS: 1785264976
ℹ️ Нових треків з моменту останньої синхронізації не знайдено.
⏳ Перевірка нових треків на Last.fm...
🔎 Шукаємо треки, прослухані після Unix TS: 1785264976
ℹ️ Нових треків з моменту останньої синхронізації не знайдено.
⏳ Перевірка нових треків на Last.fm...
🔎 Шукаємо треки, прослухані після Unix TS: 1785264976
ℹ️ Нових треків з моменту останньої синхронізації не знайдено.
⏳ Перевірка нових треків на Last.fm...
🔎 Шукаємо треки, прослухані після Unix TS: 1785264976
ℹ️ Нових треків з моменту останньої синхронізації не знайдено.
⏳ Перевірка нових треків на Last.fm...
🔎 Шукаємо треки, прослухані після Unix TS: 1785264976
ℹ️ Нових треків з моменту останньої синхронізації не знайдено.
⏳ Перевірка нових треків на Last.fm...
🔎 Шукаємо треки, прослухані після Unix TS: 1785264976
ℹ️ Нових треків з моменту останньої синхронізації не знайдено.
⏳ Перевірка нових треків на Last.fm...
🔎 Шукаємо треки, прослухані після Unix TS: 1785264976
ℹ️ Нових треків з моменту останньої синхронізації не знайдено.
⏳ Перевірка нових треків на Last.fm...
🔎 Шукаємо треки, прослухані після Unix TS: 1785264976
ℹ️ Нових треків з моменту останньої синхронізації не знайдено.
⏳ Перевірка нових треків на Last.fm...
🔎 Шукаємо треки, прослухані після Unix TS: 1785264976
ℹ️ Нових треків з моменту останньої синхронізації не знайдено.
⏳ Перевірка нових треків на Last.fm...
🔎 Шукаємо треки, прослухані після Unix TS: 1785264976
ℹ️ Нових треків з моменту останньої синхронізації не знайдено.
⏳ Перевірка нових треків на Last.fm...
🔎 Шукаємо треки, прослухані після Unix TS: 1785264976
ℹ️ Нових треків з моменту останньої синхронізації не знайдено.
⏳ Перевірка нових треків на Last.fm...
🔎 Шукаємо треки, прослухані після Unix TS: 1785264976
ℹ️ Нових треків з моменту останньої синхронізації не знайдено.
⏳ Перевірка нових треків на Last.fm...
🔎 Шукаємо треки, прослухані після Unix TS: 1785264976
ℹ️ Нових треків з моменту останньої синхронізації не знайдено.
⏳ Перевірка нових треків на Last.fm...
🔎 Шукаємо треки, прослухані після Unix TS: 1785264976
ℹ️ Нових треків з моменту останньої синхронізації не знайдено.
⏳ Перевірка нових треків на Last.fm...
🔎 Шукаємо треки, прослухані після Unix TS: 1785264976
ℹ️ Нових треків з моменту останньої синхронізації не знайдено.
⏳ Перевірка нових треків на Last.fm...
⚠️ Не вдалося отримати останній timestamp з Supabase: [Errno 8] nodename nor servname provided, or not known
🔎 Шукаємо треки, прослухані після Unix TS: 1784801701
❌ Помилка запиту до Last.fm API: HTTPConnectionPool(host='ws.audioscrobbler.com', port=80): Max retries exceeded with url: /2.0/?method=user.getrecenttracks&user=OstapTut&api_key=9a2aa1148e3c0db865d26a6b4ff15fbe&format=json&limit=200&from=1784801702 (Caused by NameResolutionError("HTTPConnection(host='ws.audioscrobbler.com', port=80): Failed to resolve 'ws.audioscrobbler.com' ([Errno 8] nodename nor servname provided, or not known)"))
ℹ️ Нових треків з моменту останньої синхронізації не знайдено.
⏳ Перевірка нових треків на Last.fm...
🔎 Шукаємо треки, прослухані після Unix TS: 1785264976
ℹ️ Нових треків з моменту останньої синхронізації не знайдено.
⏳ Перевірка нових треків на Last.fm...
🔎 Шукаємо треки, прослухані після Unix TS: 1785264976
ℹ️ Нових треків з моменту останньої синхронізації не знайдено.
⏳ Перевірка нових треків на Last.fm...
🔎 Шукаємо треки, прослухані після Unix TS: 1785264976
ℹ️ Нових треків з моменту останньої синхронізації не знайдено.
⏳ Перевірка нових треків на Last.fm...
🔎 Шукаємо треки, прослухані після Unix TS: 1785264976
ℹ️ Нових треків з моменту останньої синхронізації не знайдено.
⏳ Перевірка нових треків на Last.fm...
🔎 Шукаємо треки, прослухані після Unix TS: 1785264976
ℹ️ Нових треків з моменту останньої синхронізації не знайдено.
⏳ Перевірка нових треків на Last.fm...
🔎 Шукаємо треки, прослухані після Unix TS: 1785264976
ℹ️ Нових треків з моменту останньої синхронізації не знайдено.
⏳ Перевірка нових треків на Last.fm...
🔎 Шукаємо треки, прослухані після Unix TS: 1785264976
ℹ️ Нових треків з моменту останньої синхронізації не знайдено.
⏳ Перевірка нових треків на Last.fm...
🔎 Шукаємо треки, прослухані після Unix TS: 1785413456 (2026-07-30T12:10:56+00:00)
✨ Нових треків поки немає.
⏳ Перевірка нових треків на Last.fm...
🔎 Шукаємо треки, прослухані після Unix TS: 1785413456 (2026-07-30T12:10:56+00:00)
✨ Нових треків поки немає.
⏳ Перевірка нових треків на Last.fm...
🔎 Шукаємо треки, прослухані після Unix TS: 1785413456 (2026-07-30T12:10:56+00:00)
✨ Нових треків поки немає.
⏳ Перевірка нових треків на Last.fm...
Шукаємо треки, прослухані після Unix TS: 1785413456 (2026-07-30T12:10:56+00:00)
Нових треків поки немає.
⏳ Перевірка нових треків на Last.fm...
Шукаємо треки, прослухані після Unix TS: 1785413456 (2026-07-30T12:10:56+00:00)
Нових треків поки немає.
⏳ Перевірка нових треків на Last.fm...
Шукаємо треки, прослухані після Unix TS: 1785413456 (2026-07-30T12:10:56+00:00)
Нових треків поки немає.
⏳ Перевірка нових треків на Last.fm...
Шукаємо треки, прослухані після Unix TS: 1785413456 (2026-07-30T12:10:56+00:00)
Нових треків поки немає.
⏳ Перевірка нових треків на Last.fm...
Шукаємо треки, прослухані після Unix TS: 1785413456 (2026-07-30T12:10:56+00:00)
Нових треків поки немає.
⏳ Перевірка нових треків на Last.fm...
Шукаємо треки, прослухані після Unix TS: 1785413456 (2026-07-30T12:10:56+00:00)
Нових треків поки немає.
⏳ Перевірка нових треків на Last.fm...
Шукаємо треки, прослухані після Unix TS: 1785413456 (2026-07-30T12:10:56+00:00)
Нових треків поки немає.
⏳ Перевірка нових треків на Last.fm...
Не вдалося отримати watermark з Supabase: [Errno 8] nodename nor servname provided, or not known
Шукаємо треки, прослухані після Unix TS: 1784826901 (2026-07-23T17:15:01+00:00)
Помилка запиту до Last.fm API: HTTPConnectionPool(host='ws.audioscrobbler.com', port=80): Max retries exceeded with url: /2.0/?method=user.getrecenttracks&user=OstapTut&api_key=9a2aa1148e3c0db865d26a6b4ff15fbe&format=json&limit=200&from=1784826902 (Caused by NameResolutionError("HTTPConnection(host='ws.audioscrobbler.com', port=80): Failed to resolve 'ws.audioscrobbler.com' ([Errno 8] nodename nor servname provided, or not known)"))
Нових треків поки немає.
⏳ Перевірка нових треків на Last.fm...
Шукаємо треки, прослухані після Unix TS: 1785413456 (2026-07-30T12:10:56+00:00)
Нових треків поки немає.
⏳ Перевірка нових треків на Last.fm...
Шукаємо треки, прослухані після Unix TS: 1785413456 (2026-07-30T12:10:56+00:00)
Нових треків поки немає.
⏳ Перевірка нових треків на Last.fm...
Шукаємо треки, прослухані після Unix TS: 1785413456 (2026-07-30T12:10:56+00:00)
Нових треків поки немає.
⏳ Перевірка нових треків на Last.fm...
Шукаємо треки, прослухані після Unix TS: 1785413456 (2026-07-30T12:10:56+00:00)
Нових треків поки немає.
