⏳ Запуск збагачення та трансформації музики...
✅ Збережено та збагачено 4 треків у stg_music_tracks
✅ Збережено 2 годинних агрегацій у stg_music_hourly
🎉 Батч ID 2 успішно оброблено!
⏳ Запуск збагачення та трансформації музики...
✅ Збережено та збагачено 5 треків у stg_music_tracks
✅ Збережено 1 годинних агрегацій у stg_music_hourly
🎉 Батч ID 3 успішно оброблено!
✅ Збережено та збагачено 1 треків у stg_music_tracks
✅ Збережено 1 годинних агрегацій у stg_music_hourly
🎉 Батч ID 4 успішно оброблено!
⏳ Запуск збагачення та трансформації музики...
✅ Збережено та збагачено 3 треків у stg_music_tracks
✅ Збережено 1 годинних агрегацій у stg_music_hourly
🎉 Батч ID 5 успішно оброблено!
⏳ Запуск збагачення та трансформації музики...
ℹ️ Необроблених батчів у bronze_music не знайдено.
⏳ Запуск збагачення та трансформації музики...
ℹ️ Необроблених батчів у bronze_music не знайдено.
⏳ Запуск збагачення та трансформації музики...
ℹ️ Необроблених батчів у bronze_music не знайдено.
⏳ Запуск збагачення та трансформації музики...
ℹ️ Необроблених батчів у bronze_music не знайдено.
⏳ Запуск збагачення та трансформації музики...
ℹ️ Необроблених батчів у bronze_music не знайдено.
⏳ Запуск збагачення та трансформації музики...
ℹ️ Необроблених батчів у bronze_music не знайдено.
⏳ Запуск збагачення та трансформації музики...
ℹ️ Необроблених батчів у bronze_music не знайдено.
⏳ Запуск збагачення та трансформації музики...
ℹ️ Необроблених батчів у bronze_music не знайдено.
⏳ Запуск збагачення та трансформації музики...
ℹ️ Необроблених батчів у bronze_music не знайдено.
⏳ Запуск збагачення та трансформації музики...
ℹ️ Необроблених батчів у bronze_music не знайдено.
⏳ Запуск збагачення та трансформації музики...
ℹ️ Необроблених батчів у bronze_music не знайдено.
⏳ Запуск збагачення та трансформації музики...
ℹ️ Необроблених батчів у bronze_music не знайдено.
⏳ Запуск збагачення та трансформації музики...
ℹ️ Необроблених батчів у bronze_music не знайдено.
⏳ Запуск збагачення та трансформації музики...
ℹ️ Необроблених батчів у bronze_music не знайдено.
⏳ Запуск збагачення та трансформації музики...
ℹ️ Необроблених батчів у bronze_music не знайдено.
⏳ Запуск збагачення та трансформації музики...
ℹ️ Необроблених батчів у bronze_music не знайдено.
⏳ Запуск збагачення та трансформації музики...
ℹ️ Необроблених батчів у bronze_music не знайдено.
⏳ Запуск збагачення та трансформації музики...
ℹ️ Необроблених батчів у bronze_music не знайдено.
⏳ Запуск збагачення та трансформації музики...
ℹ️ Необроблених батчів у bronze_music не знайдено.
⏳ Запуск збагачення та трансформації музики...
ℹ️ Необроблених батчів у bronze_music не знайдено.
⏳ Запуск збагачення та трансформації музики...
ℹ️ Необроблених батчів у bronze_music не знайдено.
⏳ Запуск збагачення та трансформації музики...
ℹ️ Необроблених батчів у bronze_music не знайдено.
⏳ Запуск збагачення та трансформації музики...
ℹ️ Необроблених батчів у bronze_music не знайдено.
⏳ Запуск збагачення та трансформації музики...
ℹ️ Необроблених батчів у bronze_music не знайдено.
⏳ Запуск збагачення та трансформації музики...
ℹ️ Необроблених батчів у bronze_music не знайдено.
⏳ Запуск збагачення та трансформації музики...
ℹ️ Необроблених батчів у bronze_music не знайдено.
⏳ Запуск збагачення та трансформації музики...
ℹ️ Необроблених батчів у bronze_music не знайдено.
⏳ Запуск збагачення та трансформації музики...
ℹ️ Необроблених батчів у bronze_music не знайдено.
⏳ Запуск збагачення та трансформації музики...
ℹ️ Необроблених батчів у bronze_music не знайдено.
⏳ Запуск збагачення та трансформації музики...
✅ Збережено та збагачено 71 треків у stg_music_tracks
✅ Збережено 9 годинних агрегацій у stg_music_hourly
🎉 Батч ID 6 успішно оброблено!
