Шукаємо необроблені записи в Bronze...
Знайдено 2 необроблених батчів. Обробляємо...
Вставляємо трансформовані дані в stg_screentime_hourly...
Успішно збережено/оновлено 12 записів у stg_screentime_hourly!
Оновлюємо статус у Bronze...
Позначено 2 батчів у Bronze як is_processed = True.
ІНКРЕМЕНТАЛЬНУ ОБРОБКУ ЗАВЕРШЕНО УСПІШНО!
Шукаємо необроблені записи в Bronze...
Знайдено 1 необроблених батчів. Обробляємо...
Вставляємо трансформовані дані в stg_screentime_hourly...
Успішно збережено/оновлено 14 записів у stg_screentime_hourly!
Оновлюємо статус у Bronze...
Позначено 1 батчів у Bronze як is_processed = True.
ІНКРЕМЕНТАЛЬНУ ОБРОБКУ ЗАВЕРШЕНО УСПІШНО!
Шукаємо необроблені записи в Bronze...
Знайдено 1 необроблених батчів. Обробляємо...
Вставляємо трансформовані дані в stg_screentime_hourly...
Успішно збережено/оновлено 16 записів у stg_screentime_hourly!
Оновлюємо статус у Bronze...
Позначено 1 батчів у Bronze як is_processed = True.
ІНКРЕМЕНТАЛЬНУ ОБРОБКУ ЗАВЕРШЕНО УСПІШНО!
Шукаємо необроблені записи в Bronze...
Знайдено 1 необроблених батчів. Обробляємо...
Вставляємо трансформовані дані в stg_screentime_hourly...
Успішно збережено/оновлено 17 записів у stg_screentime_hourly!
Оновлюємо статус у Bronze...
Позначено 1 батчів у Bronze як is_processed = True.
ІНКРЕМЕНТАЛЬНУ ОБРОБКУ ЗАВЕРШЕНО УСПІШНО!
Шукаємо необроблені записи в Bronze...
Знайдено 1 необроблених батчів. Обробляємо...
Вставляємо трансформовані дані в stg_screentime_hourly...
Успішно збережено/оновлено 17 записів у stg_screentime_hourly!
Оновлюємо статус у Bronze...
Позначено 1 батчів у Bronze як is_processed = True.
ІНКРЕМЕНТАЛЬНУ ОБРОБКУ ЗАВЕРШЕНО УСПІШНО!
Шукаємо необроблені записи в Bronze...
Усі записи в Bronze вже оброблені. Нових даних немає.
Шукаємо необроблені записи в Bronze...
Знайдено 1 необроблених батчів. Обробляємо...
Вставляємо трансформовані дані в stg_screentime_hourly...
Успішно збережено/оновлено 23 записів у stg_screentime_hourly!
Оновлюємо статус у Bronze...
Позначено 1 батчів у Bronze як is_processed = True.
ІНКРЕМЕНТАЛЬНУ ОБРОБКУ ЗАВЕРШЕНО УСПІШНО!
Шукаємо необроблені записи в Bronze...
Знайдено 1 необроблених батчів. Обробляємо...
Вставляємо трансформовані дані в stg_screentime_hourly...
Успішно збережено/оновлено 23 записів у stg_screentime_hourly!
Оновлюємо статус у Bronze...
Позначено 1 батчів у Bronze як is_processed = True.
ІНКРЕМЕНТАЛЬНУ ОБРОБКУ ЗАВЕРШЕНО УСПІШНО!
Шукаємо необроблені записи в Bronze...
Знайдено 1 необроблених батчів. Обробляємо...
Вставляємо трансформовані дані в stg_screentime_hourly...
Успішно збережено/оновлено 23 записів у stg_screentime_hourly!
Оновлюємо статус у Bronze...
Позначено 1 батчів у Bronze як is_processed = True.
ІНКРЕМЕНТАЛЬНУ ОБРОБКУ ЗАВЕРШЕНО УСПІШНО!
Шукаємо необроблені записи в Bronze...
Знайдено 1 необроблених батчів. Обробляємо...
Вставляємо трансформовані дані в stg_screentime_hourly...
Успішно збережено/оновлено 18 записів у stg_screentime_hourly!
Оновлюємо статус у Bronze...
Позначено 1 батчів у Bronze як is_processed = True.
ІНКРЕМЕНТАЛЬНУ ОБРОБКУ ЗАВЕРШЕНО УСПІШНО!
Шукаємо необроблені записи в Bronze...
Знайдено 1 необроблених батчів. Обробляємо...
Вставляємо трансформовані дані в stg_screentime_hourly...
Успішно збережено/оновлено 18 записів у stg_screentime_hourly!
Оновлюємо статус у Bronze...
Позначено 1 батчів у Bronze як is_processed = True.
ІНКРЕМЕНТАЛЬНУ ОБРОБКУ ЗАВЕРШЕНО УСПІШНО!
Шукаємо необроблені записи в Bronze...
Traceback (most recent call last):
  File "/Users/ostaptut/Development/personal-routine-pipeline/.venv/lib/python3.12/site-packages/httpx/_transports/default.py", line 101, in map_httpcore_exceptions
    yield
  File "/Users/ostaptut/Development/personal-routine-pipeline/.venv/lib/python3.12/site-packages/httpx/_transports/default.py", line 250, in handle_request
    resp = self._pool.handle_request(req)
           ^^^^^^^^^^^^^^^^^^^^^^^^^^^^^^
  File "/Users/ostaptut/Development/personal-routine-pipeline/.venv/lib/python3.12/site-packages/httpcore/_sync/connection_pool.py", line 256, in handle_request
    raise exc from None
  File "/Users/ostaptut/Development/personal-routine-pipeline/.venv/lib/python3.12/site-packages/httpcore/_sync/connection_pool.py", line 236, in handle_request
    response = connection.handle_request(
               ^^^^^^^^^^^^^^^^^^^^^^^^^^
  File "/Users/ostaptut/Development/personal-routine-pipeline/.venv/lib/python3.12/site-packages/httpcore/_sync/connection.py", line 101, in handle_request
    raise exc
  File "/Users/ostaptut/Development/personal-routine-pipeline/.venv/lib/python3.12/site-packages/httpcore/_sync/connection.py", line 78, in handle_request
    stream = self._connect(request)
             ^^^^^^^^^^^^^^^^^^^^^^
  File "/Users/ostaptut/Development/personal-routine-pipeline/.venv/lib/python3.12/site-packages/httpcore/_sync/connection.py", line 124, in _connect
    stream = self._network_backend.connect_tcp(**kwargs)
             ^^^^^^^^^^^^^^^^^^^^^^^^^^^^^^^^^^^^^^^^^^^
  File "/Users/ostaptut/Development/personal-routine-pipeline/.venv/lib/python3.12/site-packages/httpcore/_backends/sync.py", line 207, in connect_tcp
    with map_exceptions(exc_map):
         ^^^^^^^^^^^^^^^^^^^^^^^
  File "/opt/homebrew/Cellar/python@3.12/3.12.13_4/Frameworks/Python.framework/Versions/3.12/lib/python3.12/contextlib.py", line 158, in __exit__
    self.gen.throw(value)
  File "/Users/ostaptut/Development/personal-routine-pipeline/.venv/lib/python3.12/site-packages/httpcore/_exceptions.py", line 14, in map_exceptions
    raise to_exc(exc) from exc
httpcore.ConnectError: [Errno 8] nodename nor servname provided, or not known

The above exception was the direct cause of the following exception:

Traceback (most recent call last):
  File "/Users/ostaptut/Development/personal-routine-pipeline/src/transformation/screentime_to_hourly.py", line 146, in <module>
    unprocessed_records = fetch_unprocessed_bronze_records(supabase_client)
                          ^^^^^^^^^^^^^^^^^^^^^^^^^^^^^^^^^^^^^^^^^^^^^^^^^
  File "/Users/ostaptut/Development/personal-routine-pipeline/src/transformation/screentime_to_hourly.py", line 71, in fetch_unprocessed_bronze_records
    .execute()
     ^^^^^^^^^
  File "/Users/ostaptut/Development/personal-routine-pipeline/.venv/lib/python3.12/site-packages/postgrest/_sync/request_builder.py", line 90, in execute
    r = send_with_retry(self.request)
        ^^^^^^^^^^^^^^^^^^^^^^^^^^^^^
  File "/Users/ostaptut/Development/personal-routine-pipeline/.venv/lib/python3.12/site-packages/postgrest/_sync/request_builder.py", line 51, in send_with_retry
    resp = req.send(headers)
           ^^^^^^^^^^^^^^^^^
  File "/Users/ostaptut/Development/personal-routine-pipeline/.venv/lib/python3.12/site-packages/postgrest/base_request_builder.py", line 90, in send
    return self.session.request(
           ^^^^^^^^^^^^^^^^^^^^^
  File "/Users/ostaptut/Development/personal-routine-pipeline/.venv/lib/python3.12/site-packages/httpx/_client.py", line 825, in request
    return self.send(request, auth=auth, follow_redirects=follow_redirects)
           ^^^^^^^^^^^^^^^^^^^^^^^^^^^^^^^^^^^^^^^^^^^^^^^^^^^^^^^^^^^^^^^^
  File "/Users/ostaptut/Development/personal-routine-pipeline/.venv/lib/python3.12/site-packages/httpx/_client.py", line 914, in send
    response = self._send_handling_auth(
               ^^^^^^^^^^^^^^^^^^^^^^^^^
  File "/Users/ostaptut/Development/personal-routine-pipeline/.venv/lib/python3.12/site-packages/httpx/_client.py", line 942, in _send_handling_auth
    response = self._send_handling_redirects(
               ^^^^^^^^^^^^^^^^^^^^^^^^^^^^^^
  File "/Users/ostaptut/Development/personal-routine-pipeline/.venv/lib/python3.12/site-packages/httpx/_client.py", line 979, in _send_handling_redirects
    response = self._send_single_request(request)
               ^^^^^^^^^^^^^^^^^^^^^^^^^^^^^^^^^^
  File "/Users/ostaptut/Development/personal-routine-pipeline/.venv/lib/python3.12/site-packages/httpx/_client.py", line 1014, in _send_single_request
    response = transport.handle_request(request)
               ^^^^^^^^^^^^^^^^^^^^^^^^^^^^^^^^^
  File "/Users/ostaptut/Development/personal-routine-pipeline/.venv/lib/python3.12/site-packages/httpx/_transports/default.py", line 249, in handle_request
    with map_httpcore_exceptions():
         ^^^^^^^^^^^^^^^^^^^^^^^^^
  File "/opt/homebrew/Cellar/python@3.12/3.12.13_4/Frameworks/Python.framework/Versions/3.12/lib/python3.12/contextlib.py", line 158, in __exit__
    self.gen.throw(value)
  File "/Users/ostaptut/Development/personal-routine-pipeline/.venv/lib/python3.12/site-packages/httpx/_transports/default.py", line 118, in map_httpcore_exceptions
    raise mapped_exc(message) from exc
httpx.ConnectError: [Errno 8] nodename nor servname provided, or not known
Шукаємо необроблені записи в Bronze...
Знайдено 2 необроблених батчів. Обробляємо...
Вставляємо трансформовані дані в stg_screentime_hourly...
Успішно збережено/оновлено 25 записів у stg_screentime_hourly!
Оновлюємо статус у Bronze...
Позначено 2 батчів у Bronze як is_processed = True.
ІНКРЕМЕНТАЛЬНУ ОБРОБКУ ЗАВЕРШЕНО УСПІШНО!
Шукаємо необроблені записи в Bronze...
Знайдено 1 необроблених батчів. Обробляємо...
Вставляємо трансформовані дані в stg_screentime_hourly...
Успішно збережено/оновлено 8 записів у stg_screentime_hourly!
Оновлюємо статус у Bronze...
Позначено 1 батчів у Bronze як is_processed = True.
ІНКРЕМЕНТАЛЬНУ ОБРОБКУ ЗАВЕРШЕНО УСПІШНО!
