⏳ Перевіряємо буфер та отримуємо дані про екранний час...
✅ Успішно збережено 100 подій у bronze_screentime!
🧹 Локальний буфер очищено.
⏳ Перевіряємо буфер та отримуємо дані про екранний час...
✅ Успішно збережено 100 подій у bronze_screentime!
🧹 Локальний буфер очищено.
⏳ Перевіряємо буфер та отримуємо дані про екранний час...
✅ Успішно збережено 100 подій у bronze_screentime!
🧹 Локальний буфер очищено.
⏳ Перевіряємо буфер та отримуємо дані про екранний час...
✅ Успішно збережено 100 подій у bronze_screentime!
🧹 Локальний буфер очищено.
⏳ Перевіряємо буфер та отримуємо дані про екранний час...
✅ Успішно збережено 100 подій у bronze_screentime!
🧹 Локальний буфер очищено.
⏳ Перевіряємо буфер та отримуємо дані про екранний час...
✅ Успішно збережено 100 подій у bronze_screentime!
🧹 Локальний буфер очищено.
⏳ Перевіряємо буфер та отримуємо дані про екранний час...
✅ Успішно збережено 100 подій у bronze_screentime!
🧹 Локальний буфер очищено.
⏳ Перевіряємо буфер та отримуємо дані про екранний час...
✅ Успішно збережено 100 подій у bronze_screentime!
🧹 Локальний буфер очищено.
⏳ Перевіряємо буфер та отримуємо дані про екранний час...
✅ Успішно збережено 100 подій у bronze_screentime!
🧹 Локальний буфер очищено.
⏳ Перевіряємо буфер та отримуємо дані про екранний час...
✅ Успішно збережено 100 подій у bronze_screentime!
🧹 Локальний буфер очищено.
⏳ Перевіряємо буфер та отримуємо дані про екранний час...
✅ Успішно збережено 100 подій у bronze_screentime!
🧹 Локальний буфер очищено.
⏳ Перевіряємо буфер та отримуємо дані про екранний час...
✅ Успішно збережено 100 подій у bronze_screentime!
🧹 Локальний буфер очищено.
⏳ Перевіряємо буфер та отримуємо дані про екранний час...
✅ Успішно збережено 100 подій у bronze_screentime!
🧹 Локальний буфер очищено.
⏳ Перевіряємо буфер та отримуємо дані про екранний час...
✅ Успішно збережено 100 подій у bronze_screentime!
🧹 Локальний буфер очищено.
Перевіряємо буфер та отримуємо дані про екранний час...
Успішно збережено 100 подій у bronze_screentime!
🧹 Локальний буфер очищено.
Перевіряємо буфер та отримуємо дані про екранний час...
Успішно збережено 100 подій у bronze_screentime!
🧹 Локальний буфер очищено.
Перевіряємо буфер та отримуємо дані про екранний час...
Успішно збережено 100 подій у bronze_screentime!
🧹 Локальний буфер очищено.
Перевіряємо буфер та отримуємо дані про екранний час...
Успішно збережено 100 подій у bronze_screentime!
🧹 Локальний буфер очищено.
Перевіряємо буфер та отримуємо дані про екранний час...
Успішно збережено 100 подій у bronze_screentime!
🧹 Локальний буфер очищено.
Перевіряємо буфер та отримуємо дані про екранний час...
Успішно збережено 100 подій у bronze_screentime!
🧹 Локальний буфер очищено.
Перевіряємо буфер та отримуємо дані про екранний час...
Успішно збережено 100 подій у bronze_screentime!
🧹 Локальний буфер очищено.
Перевіряємо буфер та отримуємо дані про екранний час...
Успішно збережено 100 подій у bronze_screentime!
🧹 Локальний буфер очищено.
Крок 1: Отримуємо watermark з бази Supabase...
Останній відомий час у базі: 2026-07-31T11:36:34.714+00:00
Крок 2: Збираємо нові події з локального Mac після цього часу...
Локальну базу KnowledgeC не знайдено за шляхом: /Users/ostaptut/Library/Application Support/Knowledge/KnowledgeC/knowledgeC.db
Крок 3: Формуємо денні чанки та відправляємо в бронзу...
Немає нових локальних подій для завантаження.
Локальну інгестію екранного часу успішно завершено!
